<html>
<body>
<pre>
<h1>µVision Build Log</h1>
<h2>Tool Versions:</h2>
IDE-Version: µVision V5.29.0.0
Copyright (C) 2019 ARM Ltd and ARM Germany GmbH. All rights reserved.
License Information: Furkan Aydoðan, aaaa, LIC=76FUH-W768X-9GB70-B3Y8F-WHZEV-5S81A
 
Tool Versions:
Toolchain:       MDK-ARM Plus  Version: 5.29.0.0
Toolchain Path:  C:\Keil_v5\ARM\ARMCC\Bin
C Compiler:      Armcc.exe V5.06 update 6 (build 750)
Assembler:       Armasm.exe V5.06 update 6 (build 750)
Linker/Locator:  ArmLink.exe V5.06 update 6 (build 750)
Library Manager: ArmAr.exe V5.06 update 6 (build 750)
Hex Converter:   FromElf.exe V5.06 update 6 (build 750)
CPU DLL:         SARMCM3.DLL V5.29.0.0
Dialog DLL:      DCM.DLL V1.17.3.0
Target DLL:      STLink\ST-LINKIII-KEIL_SWO.dll V3.0.7.0
Dialog DLL:      TCM.DLL V1.36.5.0
 
<h2>Project:</h2>
C:\Github_Dir\Medisan_MdpaTestInterface\MDK-ARM\Mdpa_Test_Interface.uvprojx
Project File Date:  11/17/2022

<h2>Output:</h2>
*** Using Compiler 'V5.06 update 6 (build 750)', folder: 'C:\Keil_v5\ARM\ARMCC\Bin'
Build target 'Mdpa_Test_Interface'
compiling swl_TestFunctions.c...
..\swl_TestFunctions\swl_TestFunctions.h(17): warning:  #1-D: last line of file ends without a newline
  void swl_SendCmd(swl_CommandCodes cmd, swl_ProcessCodes process);
..\swl_TestFunctions\swl_TestFunctions.c(65): warning:  #1-D: last line of file ends without a newline
  }
..\swl_TestFunctions\swl_TestFunctions.c: 2 warnings, 0 errors
compiling swl_Application.c...
../swl_TestFunctions/swl_TestFunctions.h(17): warning:  #1-D: last line of file ends without a newline
  void swl_SendCmd(swl_CommandCodes cmd, swl_ProcessCodes process);
..\swl_Application\swl_Application.c(68): warning:  #111-D: statement is unreachable
  		hardwareControl.UniqueId1 = 0xFFFFFFFF;
..\swl_Application\swl_Application.c: 2 warnings, 0 errors
linking...
Program Size: Code=25932 RO-data=524 RW-data=568 ZI-data=8696  
FromELF: creating hex file...
"Mdpa_Test_Interface\Mdpa_Test_Interface.axf" - 0 Error(s), 4 Warning(s).

<h2>Software Packages used:</h2>

Package Vendor: ARM
                http://www.keil.com/pack/ARM.CMSIS.5.8.0.pack
                ARM.CMSIS.5.8.0
                CMSIS (Common Microcontroller Software Interface Standard)
   * Component: CORE Version: 5.5.0

Package Vendor: Keil
                http://www.keil.com/pack/Keil.STM32F1xx_DFP.2.3.0.pack
                Keil.STM32F1xx_DFP.2.3.0
                STMicroelectronics STM32F1 Series Device Support, Drivers and Examples

<h2>Collection of Component include folders:</h2>
  .\RTE\_Mdpa_Test_Interface
  C:\Users\Sirius\AppData\Local\Arm\Packs\ARM\CMSIS\5.8.0\CMSIS\Core\Include
  C:\Users\Sirius\AppData\Local\Arm\Packs\Keil\STM32F1xx_DFP\2.3.0\Device\Include

<h2>Collection of Component Files used:</h2>

   * Component: ARM::CMSIS:CORE:5.5.0
Build Time Elapsed:  00:00:02
</pre>
</body>
</html>
